LAYER
    NAME "temeratur"
    CONNECTIONTYPE POSTGIS
    CONNECTION "host=172.18.0.4 port=5432 dbname=cempa user=cempa-lapig password=6!#XkLjZevL6"
    DATA "geom from (select * from temeratur where %MSFILTER% ) as subquery using unique gid using srid=4674"
    EXTENT  -53.251209334 -19.499150809 -45.9069681829999 -12.3952103039999
    PROCESSING "CLOSE_CONNECTION=DEFER"
    METADATA
      "ows_title" "Cempa Temperatura"
      "ows_abstract" "temperatura"
      "gml_exclude_items" "geom"
      "gml_include_items" "all"
      "gml_geometries"  "geom"
    END
    PROJECTION
      "init=epsg:4674"
    END
    STATUS ON
    TYPE Point
    TEMPLATE "DUMMY"
    VALIDATION 
      "MSFILTER" "." 
      "DEFAULT_MSFILTER" "datetime = (select min(datetime) from tempc)"
    END
    CLASS
      NAME "15.33 - 16.23 C"
      EXPRESSION ([temp] >= 15.33 AND [temp] < 16.2296)
      STYLE
        SYMBOL "square"
        SIZE 10
        COLOR "#040414"
      END
    END
    CLASS
      NAME "16.23 - 17.13 C"
      EXPRESSION ([temp] >= 16.2296 AND [temp] < 17.1292)
      STYLE
        SYMBOL "square"
        SIZE 10
        COLOR "#0d0a29"
      END
    END
    CLASS
      NAME "17.13 - 18.03 C"
      EXPRESSION ([temp] >= 17.1292 AND [temp] < 18.0288)
      STYLE
        SYMBOL "square"
        SIZE 10
        COLOR "#19103f"
      END
    END
    CLASS
      NAME "18.03 - 18.93 C"
      EXPRESSION ([temp] >= 18.0288 AND [temp] < 18.9284)
      STYLE
        SYMBOL "square"
        SIZE 10
        COLOR "#271258"
      END
    END
    CLASS
      NAME "18.93 - 19.83 C"
      EXPRESSION ([temp] >= 18.9284 AND [temp] < 19.828)
      STYLE
        SYMBOL "square"
        SIZE 10
        COLOR "#38106c"
      END
    END
    CLASS
      NAME "19.83 - 20.73 C"
      EXPRESSION ([temp] >= 19.828 AND [temp] < 20.727600000000002)
      STYLE
        SYMBOL "square"
        SIZE 10
        COLOR "#491078"
      END
    END
    CLASS
      NAME "20.73 - 21.63 C"
      EXPRESSION ([temp] >= 20.727600000000002 AND [temp] < 21.627200000000002)
      STYLE
        SYMBOL "square"
        SIZE 10
        COLOR "#57157e"
      END
    END
    CLASS
      NAME "21.63 - 22.53 C"
      EXPRESSION ([temp] >= 21.627200000000002 AND [temp] < 22.5268)
      STYLE
        SYMBOL "square"
        SIZE 10
        COLOR "#671b80"
      END
    END
    CLASS
      NAME "22.53 - 23.43 C"
      EXPRESSION ([temp] >= 22.5268 AND [temp] < 23.4264)
      STYLE
        SYMBOL "square"
        SIZE 10
        COLOR "#762181"
      END
    END
    CLASS
      NAME "23.43 - 24.33 C"
      EXPRESSION ([temp] >= 23.4264 AND [temp] < 24.326)
      STYLE
        SYMBOL "square"
        SIZE 10
        COLOR "#862781"
      END
    END
    CLASS
      NAME "24.33 - 25.23 C"
      EXPRESSION ([temp] >= 24.326 AND [temp] < 25.2256)
      STYLE
        SYMBOL "square"
        SIZE 10
        COLOR "#962c80"
      END
    END
    CLASS
      NAME "25.23 - 26.13 C"
      EXPRESSION ([temp] >= 25.2256 AND [temp] < 26.1252)
      STYLE
        SYMBOL "square"
        SIZE 10
        COLOR "#a6317d"
      END
    END
    CLASS
      NAME "26.13 - 27.02 C"
      EXPRESSION ([temp] >= 26.1252 AND [temp] < 27.0248)
      STYLE
        SYMBOL "square"
        SIZE 10
        COLOR "#b73779"
      END
    END
    CLASS
      NAME "27.02 - 27.92 C"
      EXPRESSION ([temp] >= 27.0248 AND [temp] < 27.9244)
      STYLE
        SYMBOL "square"
        SIZE 10
        COLOR "#c53c74"
      END
    END
    CLASS
      NAME "27.92 - 28.82 C"
      EXPRESSION ([temp] >= 27.9244 AND [temp] < 28.824)
      STYLE
        SYMBOL "square"
        SIZE 10
        COLOR "#d5446d"
      END
    END
    CLASS
      NAME "28.82 - 29.72 C"
      EXPRESSION ([temp] >= 28.824 AND [temp] < 29.7236)
      STYLE
        SYMBOL "square"
        SIZE 10
        COLOR "#e34e65"
      END
    END
    CLASS
      NAME "29.72 - 30.62 C"
      EXPRESSION ([temp] >= 29.7236 AND [temp] < 30.6232)
      STYLE
        SYMBOL "square"
        SIZE 10
        COLOR "#ee5b5e"
      END
    END
    CLASS
      NAME "30.62 - 31.52 C"
      EXPRESSION ([temp] >= 30.6232 AND [temp] < 31.522800000000004)
      STYLE
        SYMBOL "square"
        SIZE 10
        COLOR "#f66c5c"
      END
    END
    CLASS
      NAME "31.52 - 32.42 C"
      EXPRESSION ([temp] >= 31.522800000000004 AND [temp] < 32.4224)
      STYLE
        SYMBOL "square"
        SIZE 10
        COLOR "#fa7f5e"
      END
    END
    CLASS
      NAME "32.42 - 33.32 C"
      EXPRESSION ([temp] >= 32.4224 AND [temp] < 33.322)
      STYLE
        SYMBOL "square"
        SIZE 10
        COLOR "#fc9065"
      END
    END
    CLASS
      NAME "33.32 - 34.22 C"
      EXPRESSION ([temp] >= 33.322 AND [temp] < 34.2216)
      STYLE
        SYMBOL "square"
        SIZE 10
        COLOR "#fea36f"
      END
    END
    CLASS
      NAME "34.22 - 35.12 C"
      EXPRESSION ([temp] >= 34.2216 AND [temp] < 35.1212)
      STYLE
        SYMBOL "square"
        SIZE 10
        COLOR "#feb67c"
      END
    END
    CLASS
      NAME "35.12 - 36.02 C"
      EXPRESSION ([temp] >= 35.1212 AND [temp] < 36.0208)
      STYLE
        SYMBOL "square"
        SIZE 10
        COLOR "#fec88c"
      END
    END
    CLASS
      NAME "36.02 - 36.92 C"
      EXPRESSION ([temp] >= 36.0208 AND [temp] < 36.9204)
      STYLE
        SYMBOL "square"
        SIZE 10
        COLOR "#fdda9c"
      END
    END
    CLASS
      NAME "36.92 - 37.82 C"
      EXPRESSION ([temp] >= 36.9204 AND [temp] < 37.82)
      STYLE
        SYMBOL "square"
        SIZE 10
        COLOR "#fcecae"
      END
    END
END
LAYER
    NAME "temeratur"
    CONNECTIONTYPE POSTGIS
    CONNECTION "host=172.18.0.4 port=5432 dbname=cempa user=cempa-lapig password=6!#XkLjZevL6"
    DATA "geom from (select * from temeratur where %MSFILTER% ) as subquery using unique gid using srid=4674"
    EXTENT  -53.251209334 -19.499150809 -45.9069681829999 -12.3952103039999
    PROCESSING "CLOSE_CONNECTION=DEFER"
    METADATA
      "ows_title" "Cempa Temperatura"
      "ows_abstract" "temperatura"
      "gml_exclude_items" "geom"
      "gml_include_items" "all"
      "gml_geometries"  "geom"
    END
    PROJECTION
      "init=epsg:4674"
    END
    STATUS ON
    TYPE Point
    TEMPLATE "DUMMY"
    VALIDATION 
      "MSFILTER" "." 
      "DEFAULT_MSFILTER" "datetime = (select min(datetime) from tempc)"
    END
    CLASS
      NAME "15.33 - 15.98 C"
      EXPRESSION ([temp] >= 15.33 AND [temp] < 15.98)
      STYLE
        SYMBOL "square"
        SIZE 10
        COLOR "#040414"
      END
    END
    CLASS
      NAME "15.98 - 16.63 C"
      EXPRESSION ([temp] >= 15.98 AND [temp] < 16.63)
      STYLE
        SYMBOL "square"
        SIZE 10
        COLOR "#0d0a29"
      END
    END
    CLASS
      NAME "16.63 - 17.28 C"
      EXPRESSION ([temp] >= 16.63 AND [temp] < 17.28)
      STYLE
        SYMBOL "square"
        SIZE 10
        COLOR "#19103f"
      END
    END
    CLASS
      NAME "17.28 - 17.93 C"
      EXPRESSION ([temp] >= 17.28 AND [temp] < 17.93)
      STYLE
        SYMBOL "square"
        SIZE 10
        COLOR "#271258"
      END
    END
    CLASS
      NAME "17.93 - 18.58 C"
      EXPRESSION ([temp] >= 17.93 AND [temp] < 18.58)
      STYLE
        SYMBOL "square"
        SIZE 10
        COLOR "#38106c"
      END
    END
    CLASS
      NAME "18.58 - 19.23 C"
      EXPRESSION ([temp] >= 18.58 AND [temp] < 19.23)
      STYLE
        SYMBOL "square"
        SIZE 10
        COLOR "#491078"
      END
    END
    CLASS
      NAME "19.23 - 19.88 C"
      EXPRESSION ([temp] >= 19.23 AND [temp] < 19.88)
      STYLE
        SYMBOL "square"
        SIZE 10
        COLOR "#57157e"
      END
    END
    CLASS
      NAME "19.88 - 20.53 C"
      EXPRESSION ([temp] >= 19.88 AND [temp] < 20.53)
      STYLE
        SYMBOL "square"
        SIZE 10
        COLOR "#671b80"
      END
    END
    CLASS
      NAME "20.53 - 21.18 C"
      EXPRESSION ([temp] >= 20.53 AND [temp] < 21.18)
      STYLE
        SYMBOL "square"
        SIZE 10
        COLOR "#762181"
      END
    END
    CLASS
      NAME "21.18 - 21.83 C"
      EXPRESSION ([temp] >= 21.18 AND [temp] < 21.83)
      STYLE
        SYMBOL "square"
        SIZE 10
        COLOR "#862781"
      END
    END
    CLASS
      NAME "21.83 - 22.48 C"
      EXPRESSION ([temp] >= 21.83 AND [temp] < 22.48)
      STYLE
        SYMBOL "square"
        SIZE 10
        COLOR "#962c80"
      END
    END
    CLASS
      NAME "22.48 - 23.13 C"
      EXPRESSION ([temp] >= 22.48 AND [temp] < 23.130000000000003)
      STYLE
        SYMBOL "square"
        SIZE 10
        COLOR "#a6317d"
      END
    END
    CLASS
      NAME "23.13 - 23.78 C"
      EXPRESSION ([temp] >= 23.130000000000003 AND [temp] < 23.78)
      STYLE
        SYMBOL "square"
        SIZE 10
        COLOR "#b73779"
      END
    END
    CLASS
      NAME "23.78 - 24.43 C"
      EXPRESSION ([temp] >= 23.78 AND [temp] < 24.43)
      STYLE
        SYMBOL "square"
        SIZE 10
        COLOR "#c53c74"
      END
    END
    CLASS
      NAME "24.43 - 25.08 C"
      EXPRESSION ([temp] >= 24.43 AND [temp] < 25.08)
      STYLE
        SYMBOL "square"
        SIZE 10
        COLOR "#d5446d"
      END
    END
    CLASS
      NAME "25.08 - 25.73 C"
      EXPRESSION ([temp] >= 25.08 AND [temp] < 25.73)
      STYLE
        SYMBOL "square"
        SIZE 10
        COLOR "#e34e65"
      END
    END
    CLASS
      NAME "25.73 - 26.38 C"
      EXPRESSION ([temp] >= 25.73 AND [temp] < 26.380000000000003)
      STYLE
        SYMBOL "square"
        SIZE 10
        COLOR "#ee5b5e"
      END
    END
    CLASS
      NAME "26.38 - 27.03 C"
      EXPRESSION ([temp] >= 26.380000000000003 AND [temp] < 27.03)
      STYLE
        SYMBOL "square"
        SIZE 10
        COLOR "#f66c5c"
      END
    END
    CLASS
      NAME "27.03 - 27.68 C"
      EXPRESSION ([temp] >= 27.03 AND [temp] < 27.68)
      STYLE
        SYMBOL "square"
        SIZE 10
        COLOR "#fa7f5e"
      END
    END
    CLASS
      NAME "27.68 - 28.33 C"
      EXPRESSION ([temp] >= 27.68 AND [temp] < 28.33)
      STYLE
        SYMBOL "square"
        SIZE 10
        COLOR "#fc9065"
      END
    END
    CLASS
      NAME "28.33 - 28.98 C"
      EXPRESSION ([temp] >= 28.33 AND [temp] < 28.98)
      STYLE
        SYMBOL "square"
        SIZE 10
        COLOR "#fea36f"
      END
    END
    CLASS
      NAME "28.98 - 29.63 C"
      EXPRESSION ([temp] >= 28.98 AND [temp] < 29.630000000000003)
      STYLE
        SYMBOL "square"
        SIZE 10
        COLOR "#feb67c"
      END
    END
    CLASS
      NAME "29.63 - 30.28 C"
      EXPRESSION ([temp] >= 29.630000000000003 AND [temp] < 30.28)
      STYLE
        SYMBOL "square"
        SIZE 10
        COLOR "#fec88c"
      END
    END
    CLASS
      NAME "30.28 - 30.93 C"
      EXPRESSION ([temp] >= 30.28 AND [temp] < 30.93)
      STYLE
        SYMBOL "square"
        SIZE 10
        COLOR "#fdda9c"
      END
    END
    CLASS
      NAME "30.93 - 31.58 C"
      EXPRESSION ([temp] >= 30.93 AND [temp] < 31.58)
      STYLE
        SYMBOL "square"
        SIZE 10
        COLOR "#fcecae"
      END
    END
END
LAYER
    NAME "temeratur"
    CONNECTIONTYPE POSTGIS
    CONNECTION "host=172.18.0.4 port=5432 dbname=cempa user=cempa-lapig password=6!#XkLjZevL6"
    DATA "geom from (select * from temeratur where %MSFILTER% ) as subquery using unique gid using srid=4674"
    EXTENT  -53.251209334 -19.499150809 -45.9069681829999 -12.3952103039999
    PROCESSING "CLOSE_CONNECTION=DEFER"
    METADATA
      "ows_title" "Cempa Temperatura"
      "ows_abstract" "temperatura"
      "gml_exclude_items" "geom"
      "gml_include_items" "all"
      "gml_geometries"  "geom"
    END
    PROJECTION
      "init=epsg:4674"
    END
    STATUS ON
    TYPE Point
    TEMPLATE "DUMMY"
    VALIDATION 
      "MSFILTER" "." 
      "DEFAULT_MSFILTER" "datetime = (select min(datetime) from tempc)"
    END
    CLASS
      NAME "16.38 - 16.87 C"
      EXPRESSION ([temp] >= 16.38 AND [temp] < 16.874399999999998)
      STYLE
        SYMBOL "square"
        SIZE 10
        COLOR "#040414"
      END
    END
    CLASS
      NAME "16.87 - 17.37 C"
      EXPRESSION ([temp] >= 16.874399999999998 AND [temp] < 17.3688)
      STYLE
        SYMBOL "square"
        SIZE 10
        COLOR "#0d0a29"
      END
    END
    CLASS
      NAME "17.37 - 17.86 C"
      EXPRESSION ([temp] >= 17.3688 AND [temp] < 17.8632)
      STYLE
        SYMBOL "square"
        SIZE 10
        COLOR "#19103f"
      END
    END
    CLASS
      NAME "17.86 - 18.36 C"
      EXPRESSION ([temp] >= 17.8632 AND [temp] < 18.357599999999998)
      STYLE
        SYMBOL "square"
        SIZE 10
        COLOR "#271258"
      END
    END
    CLASS
      NAME "18.36 - 18.85 C"
      EXPRESSION ([temp] >= 18.357599999999998 AND [temp] < 18.851999999999997)
      STYLE
        SYMBOL "square"
        SIZE 10
        COLOR "#38106c"
      END
    END
    CLASS
      NAME "18.85 - 19.35 C"
      EXPRESSION ([temp] >= 18.851999999999997 AND [temp] < 19.3464)
      STYLE
        SYMBOL "square"
        SIZE 10
        COLOR "#491078"
      END
    END
    CLASS
      NAME "19.35 - 19.84 C"
      EXPRESSION ([temp] >= 19.3464 AND [temp] < 19.840799999999998)
      STYLE
        SYMBOL "square"
        SIZE 10
        COLOR "#57157e"
      END
    END
    CLASS
      NAME "19.84 - 20.34 C"
      EXPRESSION ([temp] >= 19.840799999999998 AND [temp] < 20.3352)
      STYLE
        SYMBOL "square"
        SIZE 10
        COLOR "#671b80"
      END
    END
    CLASS
      NAME "20.34 - 20.83 C"
      EXPRESSION ([temp] >= 20.3352 AND [temp] < 20.8296)
      STYLE
        SYMBOL "square"
        SIZE 10
        COLOR "#762181"
      END
    END
    CLASS
      NAME "20.83 - 21.32 C"
      EXPRESSION ([temp] >= 20.8296 AND [temp] < 21.323999999999998)
      STYLE
        SYMBOL "square"
        SIZE 10
        COLOR "#862781"
      END
    END
    CLASS
      NAME "21.32 - 21.82 C"
      EXPRESSION ([temp] >= 21.323999999999998 AND [temp] < 21.818399999999997)
      STYLE
        SYMBOL "square"
        SIZE 10
        COLOR "#962c80"
      END
    END
    CLASS
      NAME "21.82 - 22.31 C"
      EXPRESSION ([temp] >= 21.818399999999997 AND [temp] < 22.3128)
      STYLE
        SYMBOL "square"
        SIZE 10
        COLOR "#a6317d"
      END
    END
    CLASS
      NAME "22.31 - 22.81 C"
      EXPRESSION ([temp] >= 22.3128 AND [temp] < 22.807199999999998)
      STYLE
        SYMBOL "square"
        SIZE 10
        COLOR "#b73779"
      END
    END
    CLASS
      NAME "22.81 - 23.30 C"
      EXPRESSION ([temp] >= 22.807199999999998 AND [temp] < 23.3016)
      STYLE
        SYMBOL "square"
        SIZE 10
        COLOR "#c53c74"
      END
    END
    CLASS
      NAME "23.30 - 23.80 C"
      EXPRESSION ([temp] >= 23.3016 AND [temp] < 23.796)
      STYLE
        SYMBOL "square"
        SIZE 10
        COLOR "#d5446d"
      END
    END
    CLASS
      NAME "23.80 - 24.29 C"
      EXPRESSION ([temp] >= 23.796 AND [temp] < 24.290399999999998)
      STYLE
        SYMBOL "square"
        SIZE 10
        COLOR "#e34e65"
      END
    END
    CLASS
      NAME "24.29 - 24.78 C"
      EXPRESSION ([temp] >= 24.290399999999998 AND [temp] < 24.784799999999997)
      STYLE
        SYMBOL "square"
        SIZE 10
        COLOR "#ee5b5e"
      END
    END
    CLASS
      NAME "24.78 - 25.28 C"
      EXPRESSION ([temp] >= 24.784799999999997 AND [temp] < 25.279199999999996)
      STYLE
        SYMBOL "square"
        SIZE 10
        COLOR "#f66c5c"
      END
    END
    CLASS
      NAME "25.28 - 25.77 C"
      EXPRESSION ([temp] >= 25.279199999999996 AND [temp] < 25.7736)
      STYLE
        SYMBOL "square"
        SIZE 10
        COLOR "#fa7f5e"
      END
    END
    CLASS
      NAME "25.77 - 26.27 C"
      EXPRESSION ([temp] >= 25.7736 AND [temp] < 26.267999999999997)
      STYLE
        SYMBOL "square"
        SIZE 10
        COLOR "#fc9065"
      END
    END
    CLASS
      NAME "26.27 - 26.76 C"
      EXPRESSION ([temp] >= 26.267999999999997 AND [temp] < 26.7624)
      STYLE
        SYMBOL "square"
        SIZE 10
        COLOR "#fea36f"
      END
    END
    CLASS
      NAME "26.76 - 27.26 C"
      EXPRESSION ([temp] >= 26.7624 AND [temp] < 27.2568)
      STYLE
        SYMBOL "square"
        SIZE 10
        COLOR "#feb67c"
      END
    END
    CLASS
      NAME "27.26 - 27.75 C"
      EXPRESSION ([temp] >= 27.2568 AND [temp] < 27.751199999999997)
      STYLE
        SYMBOL "square"
        SIZE 10
        COLOR "#fec88c"
      END
    END
    CLASS
      NAME "27.75 - 28.25 C"
      EXPRESSION ([temp] >= 27.751199999999997 AND [temp] < 28.245599999999996)
      STYLE
        SYMBOL "square"
        SIZE 10
        COLOR "#fdda9c"
      END
    END
    CLASS
      NAME "28.25 - 28.74 C"
      EXPRESSION ([temp] >= 28.245599999999996 AND [temp] < 28.74)
      STYLE
        SYMBOL "square"
        SIZE 10
        COLOR "#fcecae"
      END
    END
END
LAYER
    NAME "temeratur"
    CONNECTIONTYPE POSTGIS
    CONNECTION "host=172.18.0.4 port=5432 dbname=cempa user=cempa-lapig password=6!#XkLjZevL6"
    DATA "geom from (select * from temeratur where %MSFILTER% ) as subquery using unique gid using srid=4674"
    EXTENT  -53.251209334 -19.499150809 -45.9069681829999 -12.3952103039999
    PROCESSING "CLOSE_CONNECTION=DEFER"
    METADATA
      "ows_title" "Cempa Temperatura"
      "ows_abstract" "temperatura"
      "gml_exclude_items" "geom"
      "gml_include_items" "all"
      "gml_geometries"  "geom"
    END
    PROJECTION
      "init=epsg:4674"
    END
    STATUS ON
    TYPE Point
    TEMPLATE "DUMMY"
    VALIDATION 
      "MSFILTER" "." 
      "DEFAULT_MSFILTER" "datetime = (select min(datetime) from tempc)"
    END
    CLASS
      NAME "14.79 - 15.13 C"
      EXPRESSION ([temp] >= 14.79 AND [temp] < 15.126)
      STYLE
        SYMBOL "square"
        SIZE 10
        COLOR "#040414"
      END
    END
    CLASS
      NAME "15.13 - 15.46 C"
      EXPRESSION ([temp] >= 15.126 AND [temp] < 15.462)
      STYLE
        SYMBOL "square"
        SIZE 10
        COLOR "#0d0a29"
      END
    END
    CLASS
      NAME "15.46 - 15.80 C"
      EXPRESSION ([temp] >= 15.462 AND [temp] < 15.798)
      STYLE
        SYMBOL "square"
        SIZE 10
        COLOR "#19103f"
      END
    END
    CLASS
      NAME "15.80 - 16.13 C"
      EXPRESSION ([temp] >= 15.798 AND [temp] < 16.134)
      STYLE
        SYMBOL "square"
        SIZE 10
        COLOR "#271258"
      END
    END
    CLASS
      NAME "16.13 - 16.47 C"
      EXPRESSION ([temp] >= 16.134 AND [temp] < 16.47)
      STYLE
        SYMBOL "square"
        SIZE 10
        COLOR "#38106c"
      END
    END
    CLASS
      NAME "16.47 - 16.81 C"
      EXPRESSION ([temp] >= 16.47 AND [temp] < 16.806)
      STYLE
        SYMBOL "square"
        SIZE 10
        COLOR "#491078"
      END
    END
    CLASS
      NAME "16.81 - 17.14 C"
      EXPRESSION ([temp] >= 16.806 AND [temp] < 17.142)
      STYLE
        SYMBOL "square"
        SIZE 10
        COLOR "#57157e"
      END
    END
    CLASS
      NAME "17.14 - 17.48 C"
      EXPRESSION ([temp] >= 17.142 AND [temp] < 17.478)
      STYLE
        SYMBOL "square"
        SIZE 10
        COLOR "#671b80"
      END
    END
    CLASS
      NAME "17.48 - 17.81 C"
      EXPRESSION ([temp] >= 17.478 AND [temp] < 17.814)
      STYLE
        SYMBOL "square"
        SIZE 10
        COLOR "#762181"
      END
    END
    CLASS
      NAME "17.81 - 18.15 C"
      EXPRESSION ([temp] >= 17.814 AND [temp] < 18.15)
      STYLE
        SYMBOL "square"
        SIZE 10
        COLOR "#862781"
      END
    END
    CLASS
      NAME "18.15 - 18.49 C"
      EXPRESSION ([temp] >= 18.15 AND [temp] < 18.486)
      STYLE
        SYMBOL "square"
        SIZE 10
        COLOR "#962c80"
      END
    END
    CLASS
      NAME "18.49 - 18.82 C"
      EXPRESSION ([temp] >= 18.486 AND [temp] < 18.822)
      STYLE
        SYMBOL "square"
        SIZE 10
        COLOR "#a6317d"
      END
    END
    CLASS
      NAME "18.82 - 19.16 C"
      EXPRESSION ([temp] >= 18.822 AND [temp] < 19.158)
      STYLE
        SYMBOL "square"
        SIZE 10
        COLOR "#b73779"
      END
    END
    CLASS
      NAME "19.16 - 19.49 C"
      EXPRESSION ([temp] >= 19.158 AND [temp] < 19.494)
      STYLE
        SYMBOL "square"
        SIZE 10
        COLOR "#c53c74"
      END
    END
    CLASS
      NAME "19.49 - 19.83 C"
      EXPRESSION ([temp] >= 19.494 AND [temp] < 19.83)
      STYLE
        SYMBOL "square"
        SIZE 10
        COLOR "#d5446d"
      END
    END
    CLASS
      NAME "19.83 - 20.17 C"
      EXPRESSION ([temp] >= 19.83 AND [temp] < 20.166)
      STYLE
        SYMBOL "square"
        SIZE 10
        COLOR "#e34e65"
      END
    END
    CLASS
      NAME "20.17 - 20.50 C"
      EXPRESSION ([temp] >= 20.166 AND [temp] < 20.502000000000002)
      STYLE
        SYMBOL "square"
        SIZE 10
        COLOR "#ee5b5e"
      END
    END
    CLASS
      NAME "20.50 - 20.84 C"
      EXPRESSION ([temp] >= 20.502000000000002 AND [temp] < 20.838)
      STYLE
        SYMBOL "square"
        SIZE 10
        COLOR "#f66c5c"
      END
    END
    CLASS
      NAME "20.84 - 21.17 C"
      EXPRESSION ([temp] >= 20.838 AND [temp] < 21.174)
      STYLE
        SYMBOL "square"
        SIZE 10
        COLOR "#fa7f5e"
      END
    END
    CLASS
      NAME "21.17 - 21.51 C"
      EXPRESSION ([temp] >= 21.174 AND [temp] < 21.51)
      STYLE
        SYMBOL "square"
        SIZE 10
        COLOR "#fc9065"
      END
    END
    CLASS
      NAME "21.51 - 21.85 C"
      EXPRESSION ([temp] >= 21.51 AND [temp] < 21.846)
      STYLE
        SYMBOL "square"
        SIZE 10
        COLOR "#fea36f"
      END
    END
    CLASS
      NAME "21.85 - 22.18 C"
      EXPRESSION ([temp] >= 21.846 AND [temp] < 22.182000000000002)
      STYLE
        SYMBOL "square"
        SIZE 10
        COLOR "#feb67c"
      END
    END
    CLASS
      NAME "22.18 - 22.52 C"
      EXPRESSION ([temp] >= 22.182000000000002 AND [temp] < 22.518)
      STYLE
        SYMBOL "square"
        SIZE 10
        COLOR "#fec88c"
      END
    END
    CLASS
      NAME "22.52 - 22.85 C"
      EXPRESSION ([temp] >= 22.518 AND [temp] < 22.854)
      STYLE
        SYMBOL "square"
        SIZE 10
        COLOR "#fdda9c"
      END
    END
    CLASS
      NAME "22.85 - 23.19 C"
      EXPRESSION ([temp] >= 22.854 AND [temp] < 23.19)
      STYLE
        SYMBOL "square"
        SIZE 10
        COLOR "#fcecae"
      END
    END
END
LAYER
    NAME "temeratur"
    CONNECTIONTYPE POSTGIS
    CONNECTION "host=172.18.0.4 port=5432 dbname=cempa user=cempa-lapig password=6!#XkLjZevL6"
    DATA "geom from (select * from temeratur where %MSFILTER% ) as subquery using unique gid using srid=4674"
    EXTENT  -53.251209334 -19.499150809 -45.9069681829999 -12.3952103039999
    PROCESSING "CLOSE_CONNECTION=DEFER"
    METADATA
      "ows_title" "Cempa Temperatura"
      "ows_abstract" "temperatura"
      "gml_exclude_items" "geom"
      "gml_include_items" "all"
      "gml_geometries"  "geom"
    END
    PROJECTION
      "init=epsg:4674"
    END
    STATUS ON
    TYPE Point
    TEMPLATE "DUMMY"
    VALIDATION 
      "MSFILTER" "." 
      "DEFAULT_MSFILTER" "datetime = (select min(datetime) from tempc)"
    END
    CLASS
      NAME "12.13 - 12.41 C"
      EXPRESSION ([temp] >= 12.13 AND [temp] < 12.4108)
      STYLE
        SYMBOL "square"
        SIZE 10
        COLOR "#040414"
      END
    END
    CLASS
      NAME "12.41 - 12.69 C"
      EXPRESSION ([temp] >= 12.4108 AND [temp] < 12.691600000000001)
      STYLE
        SYMBOL "square"
        SIZE 10
        COLOR "#0d0a29"
      END
    END
    CLASS
      NAME "12.69 - 12.97 C"
      EXPRESSION ([temp] >= 12.691600000000001 AND [temp] < 12.9724)
      STYLE
        SYMBOL "square"
        SIZE 10
        COLOR "#19103f"
      END
    END
    CLASS
      NAME "12.97 - 13.25 C"
      EXPRESSION ([temp] >= 12.9724 AND [temp] < 13.2532)
      STYLE
        SYMBOL "square"
        SIZE 10
        COLOR "#271258"
      END
    END
    CLASS
      NAME "13.25 - 13.53 C"
      EXPRESSION ([temp] >= 13.2532 AND [temp] < 13.534)
      STYLE
        SYMBOL "square"
        SIZE 10
        COLOR "#38106c"
      END
    END
    CLASS
      NAME "13.53 - 13.81 C"
      EXPRESSION ([temp] >= 13.534 AND [temp] < 13.8148)
      STYLE
        SYMBOL "square"
        SIZE 10
        COLOR "#491078"
      END
    END
    CLASS
      NAME "13.81 - 14.10 C"
      EXPRESSION ([temp] >= 13.8148 AND [temp] < 14.095600000000001)
      STYLE
        SYMBOL "square"
        SIZE 10
        COLOR "#57157e"
      END
    END
    CLASS
      NAME "14.10 - 14.38 C"
      EXPRESSION ([temp] >= 14.095600000000001 AND [temp] < 14.3764)
      STYLE
        SYMBOL "square"
        SIZE 10
        COLOR "#671b80"
      END
    END
    CLASS
      NAME "14.38 - 14.66 C"
      EXPRESSION ([temp] >= 14.3764 AND [temp] < 14.6572)
      STYLE
        SYMBOL "square"
        SIZE 10
        COLOR "#762181"
      END
    END
    CLASS
      NAME "14.66 - 14.94 C"
      EXPRESSION ([temp] >= 14.6572 AND [temp] < 14.938)
      STYLE
        SYMBOL "square"
        SIZE 10
        COLOR "#862781"
      END
    END
    CLASS
      NAME "14.94 - 15.22 C"
      EXPRESSION ([temp] >= 14.938 AND [temp] < 15.2188)
      STYLE
        SYMBOL "square"
        SIZE 10
        COLOR "#962c80"
      END
    END
    CLASS
      NAME "15.22 - 15.50 C"
      EXPRESSION ([temp] >= 15.2188 AND [temp] < 15.499600000000001)
      STYLE
        SYMBOL "square"
        SIZE 10
        COLOR "#a6317d"
      END
    END
    CLASS
      NAME "15.50 - 15.78 C"
      EXPRESSION ([temp] >= 15.499600000000001 AND [temp] < 15.7804)
      STYLE
        SYMBOL "square"
        SIZE 10
        COLOR "#b73779"
      END
    END
    CLASS
      NAME "15.78 - 16.06 C"
      EXPRESSION ([temp] >= 15.7804 AND [temp] < 16.0612)
      STYLE
        SYMBOL "square"
        SIZE 10
        COLOR "#c53c74"
      END
    END
    CLASS
      NAME "16.06 - 16.34 C"
      EXPRESSION ([temp] >= 16.0612 AND [temp] < 16.342)
      STYLE
        SYMBOL "square"
        SIZE 10
        COLOR "#d5446d"
      END
    END
    CLASS
      NAME "16.34 - 16.62 C"
      EXPRESSION ([temp] >= 16.342 AND [temp] < 16.622799999999998)
      STYLE
        SYMBOL "square"
        SIZE 10
        COLOR "#e34e65"
      END
    END
    CLASS
      NAME "16.62 - 16.90 C"
      EXPRESSION ([temp] >= 16.622799999999998 AND [temp] < 16.9036)
      STYLE
        SYMBOL "square"
        SIZE 10
        COLOR "#ee5b5e"
      END
    END
    CLASS
      NAME "16.90 - 17.18 C"
      EXPRESSION ([temp] >= 16.9036 AND [temp] < 17.1844)
      STYLE
        SYMBOL "square"
        SIZE 10
        COLOR "#f66c5c"
      END
    END
    CLASS
      NAME "17.18 - 17.47 C"
      EXPRESSION ([temp] >= 17.1844 AND [temp] < 17.4652)
      STYLE
        SYMBOL "square"
        SIZE 10
        COLOR "#fa7f5e"
      END
    END
    CLASS
      NAME "17.47 - 17.75 C"
      EXPRESSION ([temp] >= 17.4652 AND [temp] < 17.746)
      STYLE
        SYMBOL "square"
        SIZE 10
        COLOR "#fc9065"
      END
    END
    CLASS
      NAME "17.75 - 18.03 C"
      EXPRESSION ([temp] >= 17.746 AND [temp] < 18.0268)
      STYLE
        SYMBOL "square"
        SIZE 10
        COLOR "#fea36f"
      END
    END
    CLASS
      NAME "18.03 - 18.31 C"
      EXPRESSION ([temp] >= 18.0268 AND [temp] < 18.3076)
      STYLE
        SYMBOL "square"
        SIZE 10
        COLOR "#feb67c"
      END
    END
    CLASS
      NAME "18.31 - 18.59 C"
      EXPRESSION ([temp] >= 18.3076 AND [temp] < 18.5884)
      STYLE
        SYMBOL "square"
        SIZE 10
        COLOR "#fec88c"
      END
    END
    CLASS
      NAME "18.59 - 18.87 C"
      EXPRESSION ([temp] >= 18.5884 AND [temp] < 18.8692)
      STYLE
        SYMBOL "square"
        SIZE 10
        COLOR "#fdda9c"
      END
    END
    CLASS
      NAME "18.87 - 19.15 C"
      EXPRESSION ([temp] >= 18.8692 AND [temp] < 19.15)
      STYLE
        SYMBOL "square"
        SIZE 10
        COLOR "#fcecae"
      END
    END
END
LAYER
    NAME "temeratur"
    CONNECTIONTYPE POSTGIS
    CONNECTION "host=172.18.0.4 port=5432 dbname=cempa user=cempa-lapig password=6!#XkLjZevL6"
    DATA "geom from (select * from temeratur where %MSFILTER% ) as subquery using unique gid using srid=4674"
    EXTENT  -53.251209334 -19.499150809 -45.9069681829999 -12.3952103039999
    PROCESSING "CLOSE_CONNECTION=DEFER"
    METADATA
      "ows_title" "Cempa Temperatura"
      "ows_abstract" "temperatura"
      "gml_exclude_items" "geom"
      "gml_include_items" "all"
      "gml_geometries"  "geom"
    END
    PROJECTION
      "init=epsg:4674"
    END
    STATUS ON
    TYPE Point
    TEMPLATE "DUMMY"
    VALIDATION 
      "MSFILTER" "." 
      "DEFAULT_MSFILTER" "datetime = (select min(datetime) from tempc)"
    END
    CLASS
      NAME "9.57 - 9.85 C"
      EXPRESSION ([temp] >= 9.57 AND [temp] < 9.8524)
      STYLE
        SYMBOL "square"
        SIZE 10
        COLOR "#040414"
      END
    END
    CLASS
      NAME "9.85 - 10.13 C"
      EXPRESSION ([temp] >= 9.8524 AND [temp] < 10.1348)
      STYLE
        SYMBOL "square"
        SIZE 10
        COLOR "#0d0a29"
      END
    END
    CLASS
      NAME "10.13 - 10.42 C"
      EXPRESSION ([temp] >= 10.1348 AND [temp] < 10.4172)
      STYLE
        SYMBOL "square"
        SIZE 10
        COLOR "#19103f"
      END
    END
    CLASS
      NAME "10.42 - 10.70 C"
      EXPRESSION ([temp] >= 10.4172 AND [temp] < 10.6996)
      STYLE
        SYMBOL "square"
        SIZE 10
        COLOR "#271258"
      END
    END
    CLASS
      NAME "10.70 - 10.98 C"
      EXPRESSION ([temp] >= 10.6996 AND [temp] < 10.982)
      STYLE
        SYMBOL "square"
        SIZE 10
        COLOR "#38106c"
      END
    END
    CLASS
      NAME "10.98 - 11.26 C"
      EXPRESSION ([temp] >= 10.982 AND [temp] < 11.2644)
      STYLE
        SYMBOL "square"
        SIZE 10
        COLOR "#491078"
      END
    END
    CLASS
      NAME "11.26 - 11.55 C"
      EXPRESSION ([temp] >= 11.2644 AND [temp] < 11.5468)
      STYLE
        SYMBOL "square"
        SIZE 10
        COLOR "#57157e"
      END
    END
    CLASS
      NAME "11.55 - 11.83 C"
      EXPRESSION ([temp] >= 11.5468 AND [temp] < 11.8292)
      STYLE
        SYMBOL "square"
        SIZE 10
        COLOR "#671b80"
      END
    END
    CLASS
      NAME "11.83 - 12.11 C"
      EXPRESSION ([temp] >= 11.8292 AND [temp] < 12.1116)
      STYLE
        SYMBOL "square"
        SIZE 10
        COLOR "#762181"
      END
    END
    CLASS
      NAME "12.11 - 12.39 C"
      EXPRESSION ([temp] >= 12.1116 AND [temp] < 12.394)
      STYLE
        SYMBOL "square"
        SIZE 10
        COLOR "#862781"
      END
    END
    CLASS
      NAME "12.39 - 12.68 C"
      EXPRESSION ([temp] >= 12.394 AND [temp] < 12.6764)
      STYLE
        SYMBOL "square"
        SIZE 10
        COLOR "#962c80"
      END
    END
    CLASS
      NAME "12.68 - 12.96 C"
      EXPRESSION ([temp] >= 12.6764 AND [temp] < 12.9588)
      STYLE
        SYMBOL "square"
        SIZE 10
        COLOR "#a6317d"
      END
    END
    CLASS
      NAME "12.96 - 13.24 C"
      EXPRESSION ([temp] >= 12.9588 AND [temp] < 13.2412)
      STYLE
        SYMBOL "square"
        SIZE 10
        COLOR "#b73779"
      END
    END
    CLASS
      NAME "13.24 - 13.52 C"
      EXPRESSION ([temp] >= 13.2412 AND [temp] < 13.523599999999998)
      STYLE
        SYMBOL "square"
        SIZE 10
        COLOR "#c53c74"
      END
    END
    CLASS
      NAME "13.52 - 13.81 C"
      EXPRESSION ([temp] >= 13.523599999999998 AND [temp] < 13.806)
      STYLE
        SYMBOL "square"
        SIZE 10
        COLOR "#d5446d"
      END
    END
    CLASS
      NAME "13.81 - 14.09 C"
      EXPRESSION ([temp] >= 13.806 AND [temp] < 14.0884)
      STYLE
        SYMBOL "square"
        SIZE 10
        COLOR "#e34e65"
      END
    END
    CLASS
      NAME "14.09 - 14.37 C"
      EXPRESSION ([temp] >= 14.0884 AND [temp] < 14.3708)
      STYLE
        SYMBOL "square"
        SIZE 10
        COLOR "#ee5b5e"
      END
    END
    CLASS
      NAME "14.37 - 14.65 C"
      EXPRESSION ([temp] >= 14.3708 AND [temp] < 14.653199999999998)
      STYLE
        SYMBOL "square"
        SIZE 10
        COLOR "#f66c5c"
      END
    END
    CLASS
      NAME "14.65 - 14.94 C"
      EXPRESSION ([temp] >= 14.653199999999998 AND [temp] < 14.935599999999999)
      STYLE
        SYMBOL "square"
        SIZE 10
        COLOR "#fa7f5e"
      END
    END
    CLASS
      NAME "14.94 - 15.22 C"
      EXPRESSION ([temp] >= 14.935599999999999 AND [temp] < 15.218)
      STYLE
        SYMBOL "square"
        SIZE 10
        COLOR "#fc9065"
      END
    END
    CLASS
      NAME "15.22 - 15.50 C"
      EXPRESSION ([temp] >= 15.218 AND [temp] < 15.500399999999999)
      STYLE
        SYMBOL "square"
        SIZE 10
        COLOR "#fea36f"
      END
    END
    CLASS
      NAME "15.50 - 15.78 C"
      EXPRESSION ([temp] >= 15.500399999999999 AND [temp] < 15.782799999999998)
      STYLE
        SYMBOL "square"
        SIZE 10
        COLOR "#feb67c"
      END
    END
    CLASS
      NAME "15.78 - 16.07 C"
      EXPRESSION ([temp] >= 15.782799999999998 AND [temp] < 16.065199999999997)
      STYLE
        SYMBOL "square"
        SIZE 10
        COLOR "#fec88c"
      END
    END
    CLASS
      NAME "16.07 - 16.35 C"
      EXPRESSION ([temp] >= 16.065199999999997 AND [temp] < 16.3476)
      STYLE
        SYMBOL "square"
        SIZE 10
        COLOR "#fdda9c"
      END
    END
    CLASS
      NAME "16.35 - 16.63 C"
      EXPRESSION ([temp] >= 16.3476 AND [temp] < 16.63)
      STYLE
        SYMBOL "square"
        SIZE 10
        COLOR "#fcecae"
      END
    END
END
LAYER
    NAME "temeratur"
    CONNECTIONTYPE POSTGIS
    CONNECTION "host=172.18.0.4 port=5432 dbname=cempa user=cempa-lapig password=6!#XkLjZevL6"
    DATA "geom from (select * from temeratur where %MSFILTER% ) as subquery using unique gid using srid=4674"
    EXTENT  -53.251209334 -19.499150809 -45.9069681829999 -12.3952103039999
    PROCESSING "CLOSE_CONNECTION=DEFER"
    METADATA
      "ows_title" "Cempa Temperatura"
      "ows_abstract" "temperatura"
      "gml_exclude_items" "geom"
      "gml_include_items" "all"
      "gml_geometries"  "geom"
    END
    PROJECTION
      "init=epsg:4674"
    END
    STATUS ON
    TYPE Point
    TEMPLATE "DUMMY"
    VALIDATION 
      "MSFILTER" "." 
      "DEFAULT_MSFILTER" "datetime = (select min(datetime) from tempc)"
    END
    CLASS
      NAME "6.37 - 6.65 C"
      EXPRESSION ([temp] >= 6.37 AND [temp] < 6.6472)
      STYLE
        SYMBOL "square"
        SIZE 10
        COLOR "#040414"
      END
    END
    CLASS
      NAME "6.65 - 6.92 C"
      EXPRESSION ([temp] >= 6.6472 AND [temp] < 6.9244)
      STYLE
        SYMBOL "square"
        SIZE 10
        COLOR "#0d0a29"
      END
    END
    CLASS
      NAME "6.92 - 7.20 C"
      EXPRESSION ([temp] >= 6.9244 AND [temp] < 7.2016)
      STYLE
        SYMBOL "square"
        SIZE 10
        COLOR "#19103f"
      END
    END
    CLASS
      NAME "7.20 - 7.48 C"
      EXPRESSION ([temp] >= 7.2016 AND [temp] < 7.4788)
      STYLE
        SYMBOL "square"
        SIZE 10
        COLOR "#271258"
      END
    END
    CLASS
      NAME "7.48 - 7.76 C"
      EXPRESSION ([temp] >= 7.4788 AND [temp] < 7.756)
      STYLE
        SYMBOL "square"
        SIZE 10
        COLOR "#38106c"
      END
    END
    CLASS
      NAME "7.76 - 8.03 C"
      EXPRESSION ([temp] >= 7.756 AND [temp] < 8.0332)
      STYLE
        SYMBOL "square"
        SIZE 10
        COLOR "#491078"
      END
    END
    CLASS
      NAME "8.03 - 8.31 C"
      EXPRESSION ([temp] >= 8.0332 AND [temp] < 8.3104)
      STYLE
        SYMBOL "square"
        SIZE 10
        COLOR "#57157e"
      END
    END
    CLASS
      NAME "8.31 - 8.59 C"
      EXPRESSION ([temp] >= 8.3104 AND [temp] < 8.5876)
      STYLE
        SYMBOL "square"
        SIZE 10
        COLOR "#671b80"
      END
    END
    CLASS
      NAME "8.59 - 8.86 C"
      EXPRESSION ([temp] >= 8.5876 AND [temp] < 8.8648)
      STYLE
        SYMBOL "square"
        SIZE 10
        COLOR "#762181"
      END
    END
    CLASS
      NAME "8.86 - 9.14 C"
      EXPRESSION ([temp] >= 8.8648 AND [temp] < 9.142)
      STYLE
        SYMBOL "square"
        SIZE 10
        COLOR "#862781"
      END
    END
    CLASS
      NAME "9.14 - 9.42 C"
      EXPRESSION ([temp] >= 9.142 AND [temp] < 9.4192)
      STYLE
        SYMBOL "square"
        SIZE 10
        COLOR "#962c80"
      END
    END
    CLASS
      NAME "9.42 - 9.70 C"
      EXPRESSION ([temp] >= 9.4192 AND [temp] < 9.6964)
      STYLE
        SYMBOL "square"
        SIZE 10
        COLOR "#a6317d"
      END
    END
    CLASS
      NAME "9.70 - 9.97 C"
      EXPRESSION ([temp] >= 9.6964 AND [temp] < 9.973600000000001)
      STYLE
        SYMBOL "square"
        SIZE 10
        COLOR "#b73779"
      END
    END
    CLASS
      NAME "9.97 - 10.25 C"
      EXPRESSION ([temp] >= 9.973600000000001 AND [temp] < 10.2508)
      STYLE
        SYMBOL "square"
        SIZE 10
        COLOR "#c53c74"
      END
    END
    CLASS
      NAME "10.25 - 10.53 C"
      EXPRESSION ([temp] >= 10.2508 AND [temp] < 10.528)
      STYLE
        SYMBOL "square"
        SIZE 10
        COLOR "#d5446d"
      END
    END
    CLASS
      NAME "10.53 - 10.81 C"
      EXPRESSION ([temp] >= 10.528 AND [temp] < 10.8052)
      STYLE
        SYMBOL "square"
        SIZE 10
        COLOR "#e34e65"
      END
    END
    CLASS
      NAME "10.81 - 11.08 C"
      EXPRESSION ([temp] >= 10.8052 AND [temp] < 11.0824)
      STYLE
        SYMBOL "square"
        SIZE 10
        COLOR "#ee5b5e"
      END
    END
    CLASS
      NAME "11.08 - 11.36 C"
      EXPRESSION ([temp] >= 11.0824 AND [temp] < 11.3596)
      STYLE
        SYMBOL "square"
        SIZE 10
        COLOR "#f66c5c"
      END
    END
    CLASS
      NAME "11.36 - 11.64 C"
      EXPRESSION ([temp] >= 11.3596 AND [temp] < 11.636800000000001)
      STYLE
        SYMBOL "square"
        SIZE 10
        COLOR "#fa7f5e"
      END
    END
    CLASS
      NAME "11.64 - 11.91 C"
      EXPRESSION ([temp] >= 11.636800000000001 AND [temp] < 11.914000000000001)
      STYLE
        SYMBOL "square"
        SIZE 10
        COLOR "#fc9065"
      END
    END
    CLASS
      NAME "11.91 - 12.19 C"
      EXPRESSION ([temp] >= 11.914000000000001 AND [temp] < 12.1912)
      STYLE
        SYMBOL "square"
        SIZE 10
        COLOR "#fea36f"
      END
    END
    CLASS
      NAME "12.19 - 12.47 C"
      EXPRESSION ([temp] >= 12.1912 AND [temp] < 12.468399999999999)
      STYLE
        SYMBOL "square"
        SIZE 10
        COLOR "#feb67c"
      END
    END
    CLASS
      NAME "12.47 - 12.75 C"
      EXPRESSION ([temp] >= 12.468399999999999 AND [temp] < 12.7456)
      STYLE
        SYMBOL "square"
        SIZE 10
        COLOR "#fec88c"
      END
    END
    CLASS
      NAME "12.75 - 13.02 C"
      EXPRESSION ([temp] >= 12.7456 AND [temp] < 13.0228)
      STYLE
        SYMBOL "square"
        SIZE 10
        COLOR "#fdda9c"
      END
    END
    CLASS
      NAME "13.02 - 13.30 C"
      EXPRESSION ([temp] >= 13.0228 AND [temp] < 13.3)
      STYLE
        SYMBOL "square"
        SIZE 10
        COLOR "#fcecae"
      END
    END
END
LAYER
    NAME "temeratur"
    CONNECTIONTYPE POSTGIS
    CONNECTION "host=172.18.0.4 port=5432 dbname=cempa user=cempa-lapig password=6!#XkLjZevL6"
    DATA "geom from (select * from temeratur where %MSFILTER% ) as subquery using unique gid using srid=4674"
    EXTENT  -53.251209334 -19.499150809 -45.9069681829999 -12.3952103039999
    PROCESSING "CLOSE_CONNECTION=DEFER"
    METADATA
      "ows_title" "Cempa Temperatura"
      "ows_abstract" "temperatura"
      "gml_exclude_items" "geom"
      "gml_include_items" "all"
      "gml_geometries"  "geom"
    END
    PROJECTION
      "init=epsg:4674"
    END
    STATUS ON
    TYPE Point
    TEMPLATE "DUMMY"
    VALIDATION 
      "MSFILTER" "." 
      "DEFAULT_MSFILTER" "datetime = (select min(datetime) from tempc)"
    END
    CLASS
      NAME "2.88 - 3.14 C"
      EXPRESSION ([temp] >= 2.88 AND [temp] < 3.1436)
      STYLE
        SYMBOL "square"
        SIZE 10
        COLOR "#040414"
      END
    END
    CLASS
      NAME "3.14 - 3.41 C"
      EXPRESSION ([temp] >= 3.1436 AND [temp] < 3.4072)
      STYLE
        SYMBOL "square"
        SIZE 10
        COLOR "#0d0a29"
      END
    END
    CLASS
      NAME "3.41 - 3.67 C"
      EXPRESSION ([temp] >= 3.4072 AND [temp] < 3.6708)
      STYLE
        SYMBOL "square"
        SIZE 10
        COLOR "#19103f"
      END
    END
    CLASS
      NAME "3.67 - 3.93 C"
      EXPRESSION ([temp] >= 3.6708 AND [temp] < 3.9344)
      STYLE
        SYMBOL "square"
        SIZE 10
        COLOR "#271258"
      END
    END
    CLASS
      NAME "3.93 - 4.20 C"
      EXPRESSION ([temp] >= 3.9344 AND [temp] < 4.198)
      STYLE
        SYMBOL "square"
        SIZE 10
        COLOR "#38106c"
      END
    END
    CLASS
      NAME "4.20 - 4.46 C"
      EXPRESSION ([temp] >= 4.198 AND [temp] < 4.461600000000001)
      STYLE
        SYMBOL "square"
        SIZE 10
        COLOR "#491078"
      END
    END
    CLASS
      NAME "4.46 - 4.73 C"
      EXPRESSION ([temp] >= 4.461600000000001 AND [temp] < 4.7252)
      STYLE
        SYMBOL "square"
        SIZE 10
        COLOR "#57157e"
      END
    END
    CLASS
      NAME "4.73 - 4.99 C"
      EXPRESSION ([temp] >= 4.7252 AND [temp] < 4.9888)
      STYLE
        SYMBOL "square"
        SIZE 10
        COLOR "#671b80"
      END
    END
    CLASS
      NAME "4.99 - 5.25 C"
      EXPRESSION ([temp] >= 4.9888 AND [temp] < 5.252400000000001)
      STYLE
        SYMBOL "square"
        SIZE 10
        COLOR "#762181"
      END
    END
    CLASS
      NAME "5.25 - 5.52 C"
      EXPRESSION ([temp] >= 5.252400000000001 AND [temp] < 5.516)
      STYLE
        SYMBOL "square"
        SIZE 10
        COLOR "#862781"
      END
    END
    CLASS
      NAME "5.52 - 5.78 C"
      EXPRESSION ([temp] >= 5.516 AND [temp] < 5.7796)
      STYLE
        SYMBOL "square"
        SIZE 10
        COLOR "#962c80"
      END
    END
    CLASS
      NAME "5.78 - 6.04 C"
      EXPRESSION ([temp] >= 5.7796 AND [temp] < 6.043200000000001)
      STYLE
        SYMBOL "square"
        SIZE 10
        COLOR "#a6317d"
      END
    END
    CLASS
      NAME "6.04 - 6.31 C"
      EXPRESSION ([temp] >= 6.043200000000001 AND [temp] < 6.306800000000001)
      STYLE
        SYMBOL "square"
        SIZE 10
        COLOR "#b73779"
      END
    END
    CLASS
      NAME "6.31 - 6.57 C"
      EXPRESSION ([temp] >= 6.306800000000001 AND [temp] < 6.570400000000001)
      STYLE
        SYMBOL "square"
        SIZE 10
        COLOR "#c53c74"
      END
    END
    CLASS
      NAME "6.57 - 6.83 C"
      EXPRESSION ([temp] >= 6.570400000000001 AND [temp] < 6.8340000000000005)
      STYLE
        SYMBOL "square"
        SIZE 10
        COLOR "#d5446d"
      END
    END
    CLASS
      NAME "6.83 - 7.10 C"
      EXPRESSION ([temp] >= 6.8340000000000005 AND [temp] < 7.097600000000001)
      STYLE
        SYMBOL "square"
        SIZE 10
        COLOR "#e34e65"
      END
    END
    CLASS
      NAME "7.10 - 7.36 C"
      EXPRESSION ([temp] >= 7.097600000000001 AND [temp] < 7.361200000000001)
      STYLE
        SYMBOL "square"
        SIZE 10
        COLOR "#ee5b5e"
      END
    END
    CLASS
      NAME "7.36 - 7.62 C"
      EXPRESSION ([temp] >= 7.361200000000001 AND [temp] < 7.624800000000001)
      STYLE
        SYMBOL "square"
        SIZE 10
        COLOR "#f66c5c"
      END
    END
    CLASS
      NAME "7.62 - 7.89 C"
      EXPRESSION ([temp] >= 7.624800000000001 AND [temp] < 7.888400000000001)
      STYLE
        SYMBOL "square"
        SIZE 10
        COLOR "#fa7f5e"
      END
    END
    CLASS
      NAME "7.89 - 8.15 C"
      EXPRESSION ([temp] >= 7.888400000000001 AND [temp] < 8.152000000000001)
      STYLE
        SYMBOL "square"
        SIZE 10
        COLOR "#fc9065"
      END
    END
    CLASS
      NAME "8.15 - 8.42 C"
      EXPRESSION ([temp] >= 8.152000000000001 AND [temp] < 8.415600000000001)
      STYLE
        SYMBOL "square"
        SIZE 10
        COLOR "#fea36f"
      END
    END
    CLASS
      NAME "8.42 - 8.68 C"
      EXPRESSION ([temp] >= 8.415600000000001 AND [temp] < 8.679200000000002)
      STYLE
        SYMBOL "square"
        SIZE 10
        COLOR "#feb67c"
      END
    END
    CLASS
      NAME "8.68 - 8.94 C"
      EXPRESSION ([temp] >= 8.679200000000002 AND [temp] < 8.942800000000002)
      STYLE
        SYMBOL "square"
        SIZE 10
        COLOR "#fec88c"
      END
    END
    CLASS
      NAME "8.94 - 9.21 C"
      EXPRESSION ([temp] >= 8.942800000000002 AND [temp] < 9.206400000000002)
      STYLE
        SYMBOL "square"
        SIZE 10
        COLOR "#fdda9c"
      END
    END
    CLASS
      NAME "9.21 - 9.47 C"
      EXPRESSION ([temp] >= 9.206400000000002 AND [temp] < 9.470000000000002)
      STYLE
        SYMBOL "square"
        SIZE 10
        COLOR "#fcecae"
      END
    END
END
LAYER
    NAME "temeratur"
    CONNECTIONTYPE POSTGIS
    CONNECTION "host=172.18.0.4 port=5432 dbname=cempa user=cempa-lapig password=6!#XkLjZevL6"
    DATA "geom from (select * from temeratur where %MSFILTER% ) as subquery using unique gid using srid=4674"
    EXTENT  -53.251209334 -19.499150809 -45.9069681829999 -12.3952103039999
    PROCESSING "CLOSE_CONNECTION=DEFER"
    METADATA
      "ows_title" "Cempa Temperatura"
      "ows_abstract" "temperatura"
      "gml_exclude_items" "geom"
      "gml_include_items" "all"
      "gml_geometries"  "geom"
    END
    PROJECTION
      "init=epsg:4674"
    END
    STATUS ON
    TYPE Point
    TEMPLATE "DUMMY"
    VALIDATION 
      "MSFILTER" "." 
      "DEFAULT_MSFILTER" "datetime = (select min(datetime) from tempc)"
    END
    CLASS
      NAME "-0.22 - -0.01 C"
      EXPRESSION ([temp] >= -0.22 AND [temp] < -0.009599999999999997)
      STYLE
        SYMBOL "square"
        SIZE 10
        COLOR "#040414"
      END
    END
    CLASS
      NAME "-0.01 - 0.20 C"
      EXPRESSION ([temp] >= -0.009599999999999997 AND [temp] < 0.2008)
      STYLE
        SYMBOL "square"
        SIZE 10
        COLOR "#0d0a29"
      END
    END
    CLASS
      NAME "0.20 - 0.41 C"
      EXPRESSION ([temp] >= 0.2008 AND [temp] < 0.4112)
      STYLE
        SYMBOL "square"
        SIZE 10
        COLOR "#19103f"
      END
    END
    CLASS
      NAME "0.41 - 0.62 C"
      EXPRESSION ([temp] >= 0.4112 AND [temp] < 0.6216)
      STYLE
        SYMBOL "square"
        SIZE 10
        COLOR "#271258"
      END
    END
    CLASS
      NAME "0.62 - 0.83 C"
      EXPRESSION ([temp] >= 0.6216 AND [temp] < 0.8320000000000001)
      STYLE
        SYMBOL "square"
        SIZE 10
        COLOR "#38106c"
      END
    END
    CLASS
      NAME "0.83 - 1.04 C"
      EXPRESSION ([temp] >= 0.8320000000000001 AND [temp] < 1.0424)
      STYLE
        SYMBOL "square"
        SIZE 10
        COLOR "#491078"
      END
    END
    CLASS
      NAME "1.04 - 1.25 C"
      EXPRESSION ([temp] >= 1.0424 AND [temp] < 1.2528000000000001)
      STYLE
        SYMBOL "square"
        SIZE 10
        COLOR "#57157e"
      END
    END
    CLASS
      NAME "1.25 - 1.46 C"
      EXPRESSION ([temp] >= 1.2528000000000001 AND [temp] < 1.4632)
      STYLE
        SYMBOL "square"
        SIZE 10
        COLOR "#671b80"
      END
    END
    CLASS
      NAME "1.46 - 1.67 C"
      EXPRESSION ([temp] >= 1.4632 AND [temp] < 1.6736)
      STYLE
        SYMBOL "square"
        SIZE 10
        COLOR "#762181"
      END
    END
    CLASS
      NAME "1.67 - 1.88 C"
      EXPRESSION ([temp] >= 1.6736 AND [temp] < 1.8840000000000001)
      STYLE
        SYMBOL "square"
        SIZE 10
        COLOR "#862781"
      END
    END
    CLASS
      NAME "1.88 - 2.09 C"
      EXPRESSION ([temp] >= 1.8840000000000001 AND [temp] < 2.0944)
      STYLE
        SYMBOL "square"
        SIZE 10
        COLOR "#962c80"
      END
    END
    CLASS
      NAME "2.09 - 2.30 C"
      EXPRESSION ([temp] >= 2.0944 AND [temp] < 2.3047999999999997)
      STYLE
        SYMBOL "square"
        SIZE 10
        COLOR "#a6317d"
      END
    END
    CLASS
      NAME "2.30 - 2.52 C"
      EXPRESSION ([temp] >= 2.3047999999999997 AND [temp] < 2.5151999999999997)
      STYLE
        SYMBOL "square"
        SIZE 10
        COLOR "#b73779"
      END
    END
    CLASS
      NAME "2.52 - 2.73 C"
      EXPRESSION ([temp] >= 2.5151999999999997 AND [temp] < 2.7256)
      STYLE
        SYMBOL "square"
        SIZE 10
        COLOR "#c53c74"
      END
    END
    CLASS
      NAME "2.73 - 2.94 C"
      EXPRESSION ([temp] >= 2.7256 AND [temp] < 2.936)
      STYLE
        SYMBOL "square"
        SIZE 10
        COLOR "#d5446d"
      END
    END
    CLASS
      NAME "2.94 - 3.15 C"
      EXPRESSION ([temp] >= 2.936 AND [temp] < 3.1464)
      STYLE
        SYMBOL "square"
        SIZE 10
        COLOR "#e34e65"
      END
    END
    CLASS
      NAME "3.15 - 3.36 C"
      EXPRESSION ([temp] >= 3.1464 AND [temp] < 3.3568)
      STYLE
        SYMBOL "square"
        SIZE 10
        COLOR "#ee5b5e"
      END
    END
    CLASS
      NAME "3.36 - 3.57 C"
      EXPRESSION ([temp] >= 3.3568 AND [temp] < 3.5671999999999997)
      STYLE
        SYMBOL "square"
        SIZE 10
        COLOR "#f66c5c"
      END
    END
    CLASS
      NAME "3.57 - 3.78 C"
      EXPRESSION ([temp] >= 3.5671999999999997 AND [temp] < 3.7776)
      STYLE
        SYMBOL "square"
        SIZE 10
        COLOR "#fa7f5e"
      END
    END
    CLASS
      NAME "3.78 - 3.99 C"
      EXPRESSION ([temp] >= 3.7776 AND [temp] < 3.988)
      STYLE
        SYMBOL "square"
        SIZE 10
        COLOR "#fc9065"
      END
    END
    CLASS
      NAME "3.99 - 4.20 C"
      EXPRESSION ([temp] >= 3.988 AND [temp] < 4.1984)
      STYLE
        SYMBOL "square"
        SIZE 10
        COLOR "#fea36f"
      END
    END
    CLASS
      NAME "4.20 - 4.41 C"
      EXPRESSION ([temp] >= 4.1984 AND [temp] < 4.4088)
      STYLE
        SYMBOL "square"
        SIZE 10
        COLOR "#feb67c"
      END
    END
    CLASS
      NAME "4.41 - 4.62 C"
      EXPRESSION ([temp] >= 4.4088 AND [temp] < 4.6192)
      STYLE
        SYMBOL "square"
        SIZE 10
        COLOR "#fec88c"
      END
    END
    CLASS
      NAME "4.62 - 4.83 C"
      EXPRESSION ([temp] >= 4.6192 AND [temp] < 4.8296)
      STYLE
        SYMBOL "square"
        SIZE 10
        COLOR "#fdda9c"
      END
    END
    CLASS
      NAME "4.83 - 5.04 C"
      EXPRESSION ([temp] >= 4.8296 AND [temp] < 5.04)
      STYLE
        SYMBOL "square"
        SIZE 10
        COLOR "#fcecae"
      END
    END
END
LAYER
    NAME "temeratur"
    CONNECTIONTYPE POSTGIS
    CONNECTION "host=172.18.0.4 port=5432 dbname=cempa user=cempa-lapig password=6!#XkLjZevL6"
    DATA "geom from (select * from temeratur where %MSFILTER% ) as subquery using unique gid using srid=4674"
    EXTENT  -53.251209334 -19.499150809 -45.9069681829999 -12.3952103039999
    PROCESSING "CLOSE_CONNECTION=DEFER"
    METADATA
      "ows_title" "Cempa Temperatura"
      "ows_abstract" "temperatura"
      "gml_exclude_items" "geom"
      "gml_include_items" "all"
      "gml_geometries"  "geom"
    END
    PROJECTION
      "init=epsg:4674"
    END
    STATUS ON
    TYPE Point
    TEMPLATE "DUMMY"
    VALIDATION 
      "MSFILTER" "." 
      "DEFAULT_MSFILTER" "datetime = (select min(datetime) from tempc)"
    END
    CLASS
      NAME "-4.21 - -4.01 C"
      EXPRESSION ([temp] >= -4.21 AND [temp] < -4.0072)
      STYLE
        SYMBOL "square"
        SIZE 10
        COLOR "#040414"
      END
    END
    CLASS
      NAME "-4.01 - -3.80 C"
      EXPRESSION ([temp] >= -4.0072 AND [temp] < -3.8044)
      STYLE
        SYMBOL "square"
        SIZE 10
        COLOR "#0d0a29"
      END
    END
    CLASS
      NAME "-3.80 - -3.60 C"
      EXPRESSION ([temp] >= -3.8044 AND [temp] < -3.6016)
      STYLE
        SYMBOL "square"
        SIZE 10
        COLOR "#19103f"
      END
    END
    CLASS
      NAME "-3.60 - -3.40 C"
      EXPRESSION ([temp] >= -3.6016 AND [temp] < -3.3988)
      STYLE
        SYMBOL "square"
        SIZE 10
        COLOR "#271258"
      END
    END
    CLASS
      NAME "-3.40 - -3.20 C"
      EXPRESSION ([temp] >= -3.3988 AND [temp] < -3.1959999999999997)
      STYLE
        SYMBOL "square"
        SIZE 10
        COLOR "#38106c"
      END
    END
    CLASS
      NAME "-3.20 - -2.99 C"
      EXPRESSION ([temp] >= -3.1959999999999997 AND [temp] < -2.9932)
      STYLE
        SYMBOL "square"
        SIZE 10
        COLOR "#491078"
      END
    END
    CLASS
      NAME "-2.99 - -2.79 C"
      EXPRESSION ([temp] >= -2.9932 AND [temp] < -2.7904)
      STYLE
        SYMBOL "square"
        SIZE 10
        COLOR "#57157e"
      END
    END
    CLASS
      NAME "-2.79 - -2.59 C"
      EXPRESSION ([temp] >= -2.7904 AND [temp] < -2.5876)
      STYLE
        SYMBOL "square"
        SIZE 10
        COLOR "#671b80"
      END
    END
    CLASS
      NAME "-2.59 - -2.38 C"
      EXPRESSION ([temp] >= -2.5876 AND [temp] < -2.3848)
      STYLE
        SYMBOL "square"
        SIZE 10
        COLOR "#762181"
      END
    END
    CLASS
      NAME "-2.38 - -2.18 C"
      EXPRESSION ([temp] >= -2.3848 AND [temp] < -2.182)
      STYLE
        SYMBOL "square"
        SIZE 10
        COLOR "#862781"
      END
    END
    CLASS
      NAME "-2.18 - -1.98 C"
      EXPRESSION ([temp] >= -2.182 AND [temp] < -1.9792)
      STYLE
        SYMBOL "square"
        SIZE 10
        COLOR "#962c80"
      END
    END
    CLASS
      NAME "-1.98 - -1.78 C"
      EXPRESSION ([temp] >= -1.9792 AND [temp] < -1.7763999999999998)
      STYLE
        SYMBOL "square"
        SIZE 10
        COLOR "#a6317d"
      END
    END
    CLASS
      NAME "-1.78 - -1.57 C"
      EXPRESSION ([temp] >= -1.7763999999999998 AND [temp] < -1.5735999999999999)
      STYLE
        SYMBOL "square"
        SIZE 10
        COLOR "#b73779"
      END
    END
    CLASS
      NAME "-1.57 - -1.37 C"
      EXPRESSION ([temp] >= -1.5735999999999999 AND [temp] < -1.3708)
      STYLE
        SYMBOL "square"
        SIZE 10
        COLOR "#c53c74"
      END
    END
    CLASS
      NAME "-1.37 - -1.17 C"
      EXPRESSION ([temp] >= -1.3708 AND [temp] < -1.1679999999999997)
      STYLE
        SYMBOL "square"
        SIZE 10
        COLOR "#d5446d"
      END
    END
    CLASS
      NAME "-1.17 - -0.97 C"
      EXPRESSION ([temp] >= -1.1679999999999997 AND [temp] < -0.9651999999999998)
      STYLE
        SYMBOL "square"
        SIZE 10
        COLOR "#e34e65"
      END
    END
    CLASS
      NAME "-0.97 - -0.76 C"
      EXPRESSION ([temp] >= -0.9651999999999998 AND [temp] < -0.7624)
      STYLE
        SYMBOL "square"
        SIZE 10
        COLOR "#ee5b5e"
      END
    END
    CLASS
      NAME "-0.76 - -0.56 C"
      EXPRESSION ([temp] >= -0.7624 AND [temp] < -0.5595999999999997)
      STYLE
        SYMBOL "square"
        SIZE 10
        COLOR "#f66c5c"
      END
    END
    CLASS
      NAME "-0.56 - -0.36 C"
      EXPRESSION ([temp] >= -0.5595999999999997 AND [temp] < -0.3567999999999998)
      STYLE
        SYMBOL "square"
        SIZE 10
        COLOR "#fa7f5e"
      END
    END
    CLASS
      NAME "-0.36 - -0.15 C"
      EXPRESSION ([temp] >= -0.3567999999999998 AND [temp] < -0.15399999999999991)
      STYLE
        SYMBOL "square"
        SIZE 10
        COLOR "#fc9065"
      END
    END
    CLASS
      NAME "-0.15 - 0.05 C"
      EXPRESSION ([temp] >= -0.15399999999999991 AND [temp] < 0.048799999999999955)
      STYLE
        SYMBOL "square"
        SIZE 10
        COLOR "#fea36f"
      END
    END
    CLASS
      NAME "0.05 - 0.25 C"
      EXPRESSION ([temp] >= 0.048799999999999955 AND [temp] < 0.2515999999999998)
      STYLE
        SYMBOL "square"
        SIZE 10
        COLOR "#feb67c"
      END
    END
    CLASS
      NAME "0.25 - 0.45 C"
      EXPRESSION ([temp] >= 0.2515999999999998 AND [temp] < 0.4544000000000006)
      STYLE
        SYMBOL "square"
        SIZE 10
        COLOR "#fec88c"
      END
    END
    CLASS
      NAME "0.45 - 0.66 C"
      EXPRESSION ([temp] >= 0.4544000000000006 AND [temp] < 0.6572000000000005)
      STYLE
        SYMBOL "square"
        SIZE 10
        COLOR "#fdda9c"
      END
    END
    CLASS
      NAME "0.66 - 0.86 C"
      EXPRESSION ([temp] >= 0.6572000000000005 AND [temp] < 0.8600000000000003)
      STYLE
        SYMBOL "square"
        SIZE 10
        COLOR "#fcecae"
      END
    END
END
